Analysis & Synthesis report for Test
Fri Apr 28 10:03:00 2023
Quartus Prime Version 22.1std.1 Build 917 02/14/2023 SC Lite Edition


---------------------
; Table of Contents ;
---------------------
  1. Legal Notice
  2. Analysis & Synthesis Summary
  3. Analysis & Synthesis Settings
  4. Parallel Compilation
  5. Analysis & Synthesis Source Files Read
  6. Analysis & Synthesis Resource Usage Summary
  7. Analysis & Synthesis Resource Utilization by Entity
  8. State Machine - |KeypadTest|storeNum:s0|cnt
  9. State Machine - |KeypadTest|MotorDriving:Motor1|pulseFSM:MotorPulsing|y_Q
 10. User-Specified and Inferred Latches
 11. Registers Removed During Synthesis
 12. General Register Statistics
 13. Inverted Register Statistics
 14. Multiplexer Restructuring Statistics (Restructuring Performed)
 15. Parameter Settings for User Entity Instance: MotorDriving:Motor1|timer:SlowPulse
 16. Parameter Settings for User Entity Instance: MotorDriving:Motor1|pulseFSM:MotorPulsing
 17. Port Connectivity Checks: "MotorDriving:Motor1|pulseFSM:MotorPulsing"
 18. Port Connectivity Checks: "MotorDriving:Motor1|timer:SlowPulse"
 19. Port Connectivity Checks: "MotorDriving:Motor1"
 20. Post-Synthesis Netlist Statistics for Top Partition
 21. Elapsed Time Per Partition
 22. Analysis & Synthesis Messages



----------------
; Legal Notice ;
----------------
Copyright (C) 2023  Intel Corporation. All rights reserved.
Your use of Intel Corporation's design tools, logic functions 
and other software and tools, and any partner logic 
functions, and any output files from any of the foregoing 
(including device programming or simulation files), and any 
associated documentation or information are expressly subject 
to the terms and conditions of the Intel Program License 
Subscription Agreement, the Intel Quartus Prime License Agreement,
the Intel FPGA IP License Agreement, or other applicable license
agreement, including, without limitation, that your use is for
the sole purpose of programming logic devices manufactured by
Intel and sold by Intel or its authorized distributors.  Please
refer to the applicable agreement for further details, at
https://fpgasoftware.intel.com/eula.



+-------------------------------------------------------------------------------------+
; Analysis & Synthesis Summary                                                        ;
+------------------------------------+------------------------------------------------+
; Analysis & Synthesis Status        ; Successful - Fri Apr 28 10:03:00 2023          ;
; Quartus Prime Version              ; 22.1std.1 Build 917 02/14/2023 SC Lite Edition ;
; Revision Name                      ; Test                                           ;
; Top-level Entity Name              ; KeypadTest                                     ;
; Family                             ; MAX 10                                         ;
; Total logic elements               ; 172                                            ;
;     Total combinational functions  ; 159                                            ;
;     Dedicated logic registers      ; 77                                             ;
; Total registers                    ; 77                                             ;
; Total pins                         ; 109                                            ;
; Total virtual pins                 ; 0                                              ;
; Total memory bits                  ; 0                                              ;
; Embedded Multiplier 9-bit elements ; 0                                              ;
; Total PLLs                         ; 0                                              ;
; UFM blocks                         ; 0                                              ;
; ADC blocks                         ; 0                                              ;
+------------------------------------+------------------------------------------------+


+------------------------------------------------------------------------------------------------------------+
; Analysis & Synthesis Settings                                                                              ;
+------------------------------------------------------------------+--------------------+--------------------+
; Option                                                           ; Setting            ; Default Value      ;
+------------------------------------------------------------------+--------------------+--------------------+
; Device                                                           ; 10M50DAF484C7G     ;                    ;
; Top-level entity name                                            ; KeypadTest         ; Test               ;
; Family name                                                      ; MAX 10             ; Cyclone V          ;
; Use smart compilation                                            ; Off                ; Off                ;
; Enable parallel Assembler and Timing Analyzer during compilation ; On                 ; On                 ;
; Enable compact report table                                      ; Off                ; Off                ;
; Restructure Multiplexers                                         ; Auto               ; Auto               ;
; Create Debugging Nodes for IP Cores                              ; Off                ; Off                ;
; Preserve fewer node names                                        ; On                 ; On                 ;
; Intel FPGA IP Evaluation Mode                                    ; Enable             ; Enable             ;
; Verilog Version                                                  ; Verilog_2001       ; Verilog_2001       ;
; VHDL Version                                                     ; VHDL_1993          ; VHDL_1993          ;
; State Machine Processing                                         ; Auto               ; Auto               ;
; Safe State Machine                                               ; Off                ; Off                ;
; Extract Verilog State Machines                                   ; On                 ; On                 ;
; Extract VHDL State Machines                                      ; On                 ; On                 ;
; Ignore Verilog initial constructs                                ; Off                ; Off                ;
; Iteration limit for constant Verilog loops                       ; 5000               ; 5000               ;
; Iteration limit for non-constant Verilog loops                   ; 250                ; 250                ;
; Add Pass-Through Logic to Inferred RAMs                          ; On                 ; On                 ;
; Infer RAMs from Raw Logic                                        ; On                 ; On                 ;
; Parallel Synthesis                                               ; On                 ; On                 ;
; DSP Block Balancing                                              ; Auto               ; Auto               ;
; NOT Gate Push-Back                                               ; On                 ; On                 ;
; Power-Up Don't Care                                              ; On                 ; On                 ;
; Remove Redundant Logic Cells                                     ; Off                ; Off                ;
; Remove Duplicate Registers                                       ; On                 ; On                 ;
; Ignore CARRY Buffers                                             ; Off                ; Off                ;
; Ignore CASCADE Buffers                                           ; Off                ; Off                ;
; Ignore GLOBAL Buffers                                            ; Off                ; Off                ;
; Ignore ROW GLOBAL Buffers                                        ; Off                ; Off                ;
; Ignore LCELL Buffers                                             ; Off                ; Off                ;
; Ignore SOFT Buffers                                              ; On                 ; On                 ;
; Limit AHDL Integers to 32 Bits                                   ; Off                ; Off                ;
; Optimization Technique                                           ; Balanced           ; Balanced           ;
; Carry Chain Length                                               ; 70                 ; 70                 ;
; Auto Carry Chains                                                ; On                 ; On                 ;
; Auto Open-Drain Pins                                             ; On                 ; On                 ;
; Perform WYSIWYG Primitive Resynthesis                            ; Off                ; Off                ;
; Auto ROM Replacement                                             ; On                 ; On                 ;
; Auto RAM Replacement                                             ; On                 ; On                 ;
; Auto DSP Block Replacement                                       ; On                 ; On                 ;
; Auto Shift Register Replacement                                  ; Auto               ; Auto               ;
; Allow Shift Register Merging across Hierarchies                  ; Auto               ; Auto               ;
; Auto Clock Enable Replacement                                    ; On                 ; On                 ;
; Strict RAM Replacement                                           ; Off                ; Off                ;
; Allow Synchronous Control Signals                                ; On                 ; On                 ;
; Force Use of Synchronous Clear Signals                           ; Off                ; Off                ;
; Auto RAM Block Balancing                                         ; On                 ; On                 ;
; Auto RAM to Logic Cell Conversion                                ; Off                ; Off                ;
; Auto Resource Sharing                                            ; Off                ; Off                ;
; Allow Any RAM Size For Recognition                               ; Off                ; Off                ;
; Allow Any ROM Size For Recognition                               ; Off                ; Off                ;
; Allow Any Shift Register Size For Recognition                    ; Off                ; Off                ;
; Use LogicLock Constraints during Resource Balancing              ; On                 ; On                 ;
; Ignore translate_off and synthesis_off directives                ; Off                ; Off                ;
; Timing-Driven Synthesis                                          ; On                 ; On                 ;
; Report Parameter Settings                                        ; On                 ; On                 ;
; Report Source Assignments                                        ; On                 ; On                 ;
; Report Connectivity Checks                                       ; On                 ; On                 ;
; Ignore Maximum Fan-Out Assignments                               ; Off                ; Off                ;
; Synchronization Register Chain Length                            ; 2                  ; 2                  ;
; Power Optimization During Synthesis                              ; Normal compilation ; Normal compilation ;
; HDL message level                                                ; Level2             ; Level2             ;
; Suppress Register Optimization Related Messages                  ; Off                ; Off                ;
; Number of Removed Registers Reported in Synthesis Report         ; 5000               ; 5000               ;
; Number of Swept Nodes Reported in Synthesis Report               ; 5000               ; 5000               ;
; Number of Inverted Registers Reported in Synthesis Report        ; 100                ; 100                ;
; Clock MUX Protection                                             ; On                 ; On                 ;
; Auto Gated Clock Conversion                                      ; Off                ; Off                ;
; Block Design Naming                                              ; Auto               ; Auto               ;
; SDC constraint protection                                        ; Off                ; Off                ;
; Synthesis Effort                                                 ; Auto               ; Auto               ;
; Shift Register Replacement - Allow Asynchronous Clear Signal     ; On                 ; On                 ;
; Pre-Mapping Resynthesis Optimization                             ; Off                ; Off                ;
; Analysis & Synthesis Message Level                               ; Medium             ; Medium             ;
; Disable Register Merging Across Hierarchies                      ; Auto               ; Auto               ;
; Resource Aware Inference For Block RAM                           ; On                 ; On                 ;
+------------------------------------------------------------------+--------------------+--------------------+


+------------------------------------------+
; Parallel Compilation                     ;
+----------------------------+-------------+
; Processors                 ; Number      ;
+----------------------------+-------------+
; Number detected on machine ; 12          ;
; Maximum allowed            ; 6           ;
;                            ;             ;
; Average used               ; 1.00        ;
; Maximum used               ; 6           ;
;                            ;             ;
; Usage by Processor         ; % Time Used ;
;     Processor 1            ; 100.0%      ;
;     Processors 2-6         ;   0.0%      ;
+----------------------------+-------------+


+-------------------------------------------------------------------------------------------------------------------------------------------------------------------------------+
; Analysis & Synthesis Source Files Read                                                                                                                                        ;
+----------------------------------+-----------------+------------------------+---------------------------------------------------------------------------------------+---------+
; File Name with User-Entered Path ; Used in Netlist ; File Type              ; File Name with Absolute Path                                                          ; Library ;
+----------------------------------+-----------------+------------------------+---------------------------------------------------------------------------------------+---------+
; KeypadTest.v                     ; yes             ; User Verilog HDL File  ; C:/Users/oars0/Documents/School/Design_and_synthesis/FinalProject/Test/KeypadTest.v   ;         ;
; MotorDriving.v                   ; yes             ; User Verilog HDL File  ; C:/Users/oars0/Documents/School/Design_and_synthesis/FinalProject/Test/MotorDriving.v ;         ;
+----------------------------------+-----------------+------------------------+---------------------------------------------------------------------------------------+---------+


+-----------------------------------------------------------------------------------------------+
; Analysis & Synthesis Resource Usage Summary                                                   ;
+---------------------------------------------+-------------------------------------------------+
; Resource                                    ; Usage                                           ;
+---------------------------------------------+-------------------------------------------------+
; Estimated Total logic elements              ; 172                                             ;
;                                             ;                                                 ;
; Total combinational functions               ; 159                                             ;
; Logic element usage by number of LUT inputs ;                                                 ;
;     -- 4 input functions                    ; 82                                              ;
;     -- 3 input functions                    ; 11                                              ;
;     -- <=2 input functions                  ; 66                                              ;
;                                             ;                                                 ;
; Logic elements by mode                      ;                                                 ;
;     -- normal mode                          ; 109                                             ;
;     -- arithmetic mode                      ; 50                                              ;
;                                             ;                                                 ;
; Total registers                             ; 77                                              ;
;     -- Dedicated logic registers            ; 77                                              ;
;     -- I/O registers                        ; 0                                               ;
;                                             ;                                                 ;
; I/O pins                                    ; 109                                             ;
;                                             ;                                                 ;
; Embedded Multiplier 9-bit elements          ; 0                                               ;
;                                             ;                                                 ;
; Maximum fan-out node                        ; MotorDriving:Motor1|pulseFSM:MotorPulsing|pulse ;
; Maximum fan-out                             ; 29                                              ;
; Total fan-out                               ; 856                                             ;
; Average fan-out                             ; 1.72                                            ;
+---------------------------------------------+-------------------------------------------------+


+----------------------------------------------------------------------------------------------------------------------------------------------------------------------------------------------------------------------------------------------------------------------------------------+
; Analysis & Synthesis Resource Utilization by Entity                                                                                                                                                                                                                                    ;
+------------------------------------+---------------------+---------------------------+-------------+------------+--------------+---------+-----------+------+--------------+------------+-------------------------------------------------------+-----------------------+--------------+
; Compilation Hierarchy Node         ; Combinational ALUTs ; Dedicated Logic Registers ; Memory Bits ; UFM Blocks ; DSP Elements ; DSP 9x9 ; DSP 18x18 ; Pins ; Virtual Pins ; ADC blocks ; Full Hierarchy Name                                   ; Entity Name           ; Library Name ;
+------------------------------------+---------------------+---------------------------+-------------+------------+--------------+---------+-----------+------+--------------+------------+-------------------------------------------------------+-----------------------+--------------+
; |KeypadTest                        ; 159 (6)             ; 77 (0)                    ; 0           ; 0          ; 0            ; 0       ; 0         ; 109  ; 0            ; 0          ; |KeypadTest                                           ; KeypadTest            ; work         ;
;    |MotorDriving:Motor1|           ; 105 (0)             ; 56 (0)                    ; 0           ; 0          ; 0            ; 0       ; 0         ; 0    ; 0            ; 0          ; |KeypadTest|MotorDriving:Motor1                       ; MotorDriving          ; work         ;
;       |pulseFSM:MotorPulsing|      ; 62 (62)             ; 29 (29)                   ; 0           ; 0          ; 0            ; 0       ; 0         ; 0    ; 0            ; 0          ; |KeypadTest|MotorDriving:Motor1|pulseFSM:MotorPulsing ; pulseFSM              ; work         ;
;       |timer:SlowPulse|            ; 43 (43)             ; 27 (27)                   ; 0           ; 0          ; 0            ; 0       ; 0         ; 0    ; 0            ; 0          ; |KeypadTest|MotorDriving:Motor1|timer:SlowPulse       ; timer                 ; work         ;
;    |seven_segment_decoder:decode0| ; 7 (7)               ; 0 (0)                     ; 0           ; 0          ; 0            ; 0       ; 0         ; 0    ; 0            ; 0          ; |KeypadTest|seven_segment_decoder:decode0             ; seven_segment_decoder ; work         ;
;    |seven_segment_decoder:decode1| ; 7 (7)               ; 0 (0)                     ; 0           ; 0          ; 0            ; 0       ; 0         ; 0    ; 0            ; 0          ; |KeypadTest|seven_segment_decoder:decode1             ; seven_segment_decoder ; work         ;
;    |seven_segment_decoder:decode2| ; 7 (7)               ; 0 (0)                     ; 0           ; 0          ; 0            ; 0       ; 0         ; 0    ; 0            ; 0          ; |KeypadTest|seven_segment_decoder:decode2             ; seven_segment_decoder ; work         ;
;    |seven_segment_decoder:decode3| ; 7 (7)               ; 0 (0)                     ; 0           ; 0          ; 0            ; 0       ; 0         ; 0    ; 0            ; 0          ; |KeypadTest|seven_segment_decoder:decode3             ; seven_segment_decoder ; work         ;
;    |seven_segment_decoder:decode4| ; 7 (7)               ; 0 (0)                     ; 0           ; 0          ; 0            ; 0       ; 0         ; 0    ; 0            ; 0          ; |KeypadTest|seven_segment_decoder:decode4             ; seven_segment_decoder ; work         ;
;    |storeNum:s0|                   ; 13 (13)             ; 21 (21)                   ; 0           ; 0          ; 0            ; 0       ; 0         ; 0    ; 0            ; 0          ; |KeypadTest|storeNum:s0                               ; storeNum              ; work         ;
+------------------------------------+---------------------+---------------------------+-------------+------------+--------------+---------+-----------+------+--------------+------------+-------------------------------------------------------+-----------------------+--------------+
Note: For table entries with two numbers listed, the numbers in parentheses indicate the number of resources of the given type used by the specific entity alone. The numbers listed outside of parentheses indicate the total resources of the given type used by the specific entity and all of its sub-entities in the hierarchy.


Encoding Type:  One-Hot
+-----------------------------------------------------------------+
; State Machine - |KeypadTest|storeNum:s0|cnt                     ;
+----------+----------+----------+----------+----------+----------+
; Name     ; cnt.0011 ; cnt.0010 ; cnt.0001 ; cnt.0000 ; cnt.0100 ;
+----------+----------+----------+----------+----------+----------+
; cnt.0000 ; 0        ; 0        ; 0        ; 0        ; 0        ;
; cnt.0001 ; 0        ; 0        ; 1        ; 1        ; 0        ;
; cnt.0010 ; 0        ; 1        ; 0        ; 1        ; 0        ;
; cnt.0011 ; 1        ; 0        ; 0        ; 1        ; 0        ;
; cnt.0100 ; 0        ; 0        ; 0        ; 1        ; 1        ;
+----------+----------+----------+----------+----------+----------+


Encoding Type:  One-Hot
+---------------------------------------------------------------------------+
; State Machine - |KeypadTest|MotorDriving:Motor1|pulseFSM:MotorPulsing|y_Q ;
+------------+----------+------------+--------------------------------------+
; Name       ; y_Q.Wait ; y_Q.pinOFF ; y_Q.pinON                            ;
+------------+----------+------------+--------------------------------------+
; y_Q.Wait   ; 0        ; 0          ; 0                                    ;
; y_Q.pinON  ; 1        ; 0          ; 1                                    ;
; y_Q.pinOFF ; 1        ; 1          ; 0                                    ;
+------------+----------+------------+--------------------------------------+


+---------------------------------------------------------------------------------------------------+
; User-Specified and Inferred Latches                                                               ;
+----------------------------------------------------+---------------------+------------------------+
; Latch Name                                         ; Latch Enable Signal ; Free of Timing Hazards ;
+----------------------------------------------------+---------------------+------------------------+
; pass_fail[0]                                       ; GND                 ; yes                    ;
; Number of user-specified and inferred latches = 1  ;                     ;                        ;
+----------------------------------------------------+---------------------+------------------------+
Note: All latches listed above may not be present at the end of synthesis due to various synthesis optimizations.


+-------------------------------------------------------------------------------------------------------------------+
; Registers Removed During Synthesis                                                                                ;
+-----------------------------------------------------+-------------------------------------------------------------+
; Register name                                       ; Reason for Removal                                          ;
+-----------------------------------------------------+-------------------------------------------------------------+
; storeNum:s0|cnt~5                                   ; Lost fanout                                                 ;
; storeNum:s0|cnt~6                                   ; Lost fanout                                                 ;
; storeNum:s0|cnt~8                                   ; Lost fanout                                                 ;
; MotorDriving:Motor1|pulseFSM:MotorPulsing|y_Q~4     ; Lost fanout                                                 ;
; MotorDriving:Motor1|pulseFSM:MotorPulsing|y_Q.pinON ; Merged with MotorDriving:Motor1|pulseFSM:MotorPulsing|pulse ;
; MotorDriving:Motor1|pulseFSM:MotorPulsing|y_Q.Wait  ; Merged with MotorDriving:Motor1|pulseFSM:MotorPulsing|done  ;
; Total Number of Removed Registers = 6               ;                                                             ;
+-----------------------------------------------------+-------------------------------------------------------------+


+------------------------------------------------------+
; General Register Statistics                          ;
+----------------------------------------------+-------+
; Statistic                                    ; Value ;
+----------------------------------------------+-------+
; Total registers                              ; 77    ;
; Number of registers using Synchronous Clear  ; 0     ;
; Number of registers using Synchronous Load   ; 0     ;
; Number of registers using Asynchronous Clear ; 0     ;
; Number of registers using Asynchronous Load  ; 0     ;
; Number of registers using Clock Enable       ; 16    ;
; Number of registers using Preset             ; 0     ;
+----------------------------------------------+-------+


+----------------------------------------------------------+
; Inverted Register Statistics                             ;
+------------------------------------------------+---------+
; Inverted Register                              ; Fan out ;
+------------------------------------------------+---------+
; MotorDriving:Motor1|pulseFSM:MotorPulsing|done ; 15      ;
; Total number of inverted registers = 1         ;         ;
+------------------------------------------------+---------+


+--------------------------------------------------------------------------------------------------------------------------------------------+
; Multiplexer Restructuring Statistics (Restructuring Performed)                                                                             ;
+--------------------+-----------+---------------+----------------------+------------------------+------------+------------------------------+
; Multiplexer Inputs ; Bus Width ; Baseline Area ; Area if Restructured ; Saving if Restructured ; Registered ; Example Multiplexer Output   ;
+--------------------+-----------+---------------+----------------------+------------------------+------------+------------------------------+
; 3:1                ; 4 bits    ; 8 LEs         ; 4 LEs                ; 4 LEs                  ; Yes        ; |KeypadTest|storeNum:s0|A[3] ;
; 3:1                ; 4 bits    ; 8 LEs         ; 4 LEs                ; 4 LEs                  ; Yes        ; |KeypadTest|storeNum:s0|D[3] ;
; 3:1                ; 4 bits    ; 8 LEs         ; 4 LEs                ; 4 LEs                  ; Yes        ; |KeypadTest|storeNum:s0|C[3] ;
; 3:1                ; 4 bits    ; 8 LEs         ; 4 LEs                ; 4 LEs                  ; Yes        ; |KeypadTest|storeNum:s0|B[3] ;
; 6:1                ; 4 bits    ; 16 LEs        ; 16 LEs               ; 0 LEs                  ; No         ; |KeypadTest|storeNum:s0|cnt  ;
+--------------------+-----------+---------------+----------------------+------------------------+------------+------------------------------+


+----------------------------------------------------------------------------------+
; Parameter Settings for User Entity Instance: MotorDriving:Motor1|timer:SlowPulse ;
+----------------+-------+---------------------------------------------------------+
; Parameter Name ; Value ; Type                                                    ;
+----------------+-------+---------------------------------------------------------+
; n              ; 26    ; Signed Integer                                          ;
+----------------+-------+---------------------------------------------------------+
Note: In order to hide this table in the UI and the text report file, please set the "Show Parameter Settings in Synthesis Report" option in "Analysis and Synthesis Settings -> More Settings" to "Off".


+----------------------------------------------------------------------------------------+
; Parameter Settings for User Entity Instance: MotorDriving:Motor1|pulseFSM:MotorPulsing ;
+----------------+-------+---------------------------------------------------------------+
; Parameter Name ; Value ; Type                                                          ;
+----------------+-------+---------------------------------------------------------------+
; Wait           ; 00    ; Unsigned Binary                                               ;
; pinON          ; 01    ; Unsigned Binary                                               ;
; pinOFF         ; 10    ; Unsigned Binary                                               ;
; num            ; 0000  ; Unsigned Binary                                               ;
+----------------+-------+---------------------------------------------------------------+
Note: In order to hide this table in the UI and the text report file, please set the "Show Parameter Settings in Synthesis Report" option in "Analysis and Synthesis Settings -> More Settings" to "Off".


+--------------------------------------------------------------------------------------------------------------------------------------------------------------------------------------------------+
; Port Connectivity Checks: "MotorDriving:Motor1|pulseFSM:MotorPulsing"                                                                                                                            ;
+------+--------+----------+-----------------------------------------------------------------------------------------------------------------------------------------------------------------------+
; Port ; Type   ; Severity ; Details                                                                                                                                                               ;
+------+--------+----------+-----------------------------------------------------------------------------------------------------------------------------------------------------------------------+
; done ; Output ; Warning  ; Output or bidir port (1 bits) is smaller than the port expression (4 bits) it drives.  The 3 most-significant bit(s) in the port expression will be connected to GND. ;
+------+--------+----------+-----------------------------------------------------------------------------------------------------------------------------------------------------------------------+


+---------------------------------------------------------------------------------------------------------------------------------------------------------------------------------------------------------------------+
; Port Connectivity Checks: "MotorDriving:Motor1|timer:SlowPulse"                                                                                                                                                     ;
+-------------+-------+----------+------------------------------------------------------------------------------------------------------------------------------------------------------------------------------------+
; Port        ; Type  ; Severity ; Details                                                                                                                                                                            ;
+-------------+-------+----------+------------------------------------------------------------------------------------------------------------------------------------------------------------------------------------+
; Reset_n     ; Input ; Warning  ; Input port expression (32 bits) is wider than the input port (1 bits) it drives.  The 31 most-significant bit(s) in the expression will be dangling if they have no other fanouts. ;
; Reset_n[-1] ; Input ; Info     ; Stuck at VCC                                                                                                                                                                       ;
; resume      ; Input ; Warning  ; Input port expression (32 bits) is wider than the input port (1 bits) it drives.  The 31 most-significant bit(s) in the expression will be dangling if they have no other fanouts. ;
; resume[-1]  ; Input ; Info     ; Stuck at VCC                                                                                                                                                                       ;
+-------------+-------+----------+------------------------------------------------------------------------------------------------------------------------------------------------------------------------------------+


+--------------------------------------------------------------------------------------------------------------------------------------------------------------------------------------------------------------------------+
; Port Connectivity Checks: "MotorDriving:Motor1"                                                                                                                                                                          ;
+-----------------+--------+----------+------------------------------------------------------------------------------------------------------------------------------------------------------------------------------------+
; Port            ; Type   ; Severity ; Details                                                                                                                                                                            ;
+-----------------+--------+----------+------------------------------------------------------------------------------------------------------------------------------------------------------------------------------------+
; Trigger         ; Input  ; Warning  ; Input port expression (4 bits) is wider than the input port (1 bits) it drives.  The 3 most-significant bit(s) in the expression will be dangling if they have no other fanouts.   ;
; MotorDir        ; Input  ; Warning  ; Input port expression (32 bits) is wider than the input port (1 bits) it drives.  The 31 most-significant bit(s) in the expression will be dangling if they have no other fanouts. ;
; MotorDir[-1]    ; Input  ; Info     ; Stuck at VCC                                                                                                                                                                       ;
; MotorEnable     ; Input  ; Warning  ; Input port expression (32 bits) is wider than the input port (1 bits) it drives.  The 31 most-significant bit(s) in the expression will be dangling if they have no other fanouts. ;
; MotorEnable[-1] ; Input  ; Info     ; Stuck at VCC                                                                                                                                                                       ;
; DoneLight       ; Output ; Warning  ; Output or bidir port (4 bits) is wider than the port expression (1 bits) it drives; bit(s) "DoneLight[3..1]" have no fanouts                                                       ;
+-----------------+--------+----------+------------------------------------------------------------------------------------------------------------------------------------------------------------------------------------+


+-----------------------------------------------------+
; Post-Synthesis Netlist Statistics for Top Partition ;
+-----------------------+-----------------------------+
; Type                  ; Count                       ;
+-----------------------+-----------------------------+
; boundary_port         ; 109                         ;
; cycloneiii_ff         ; 77                          ;
;     ENA               ; 16                          ;
;     plain             ; 61                          ;
; cycloneiii_io_obuf    ; 44                          ;
; cycloneiii_lcell_comb ; 167                         ;
;     arith             ; 50                          ;
;         2 data inputs ; 50                          ;
;     normal            ; 117                         ;
;         0 data inputs ; 2                           ;
;         1 data inputs ; 8                           ;
;         2 data inputs ; 14                          ;
;         3 data inputs ; 11                          ;
;         4 data inputs ; 82                          ;
;                       ;                             ;
; Max LUT depth         ; 4.50                        ;
; Average LUT depth     ; 2.64                        ;
+-----------------------+-----------------------------+


+-------------------------------+
; Elapsed Time Per Partition    ;
+----------------+--------------+
; Partition Name ; Elapsed Time ;
+----------------+--------------+
; Top            ; 00:00:00     ;
+----------------+--------------+


+-------------------------------+
; Analysis & Synthesis Messages ;
+-------------------------------+
Info: *******************************************************************
Info: Running Quartus Prime Analysis & Synthesis
    Info: Version 22.1std.1 Build 917 02/14/2023 SC Lite Edition
    Info: Processing started: Fri Apr 28 10:02:49 2023
Info: Command: quartus_map --read_settings_files=on --write_settings_files=off Test -c Test
Warning (18236): Number of processors has not been specified which may cause overloading on shared machines.  Set the global assignment NUM_PARALLEL_PROCESSORS in your QSF to an appropriate value for best performance.
Info (20030): Parallel compilation is enabled and will use 6 of the 6 processors detected
Warning (10090): Verilog HDL syntax warning at KeypadTest.v(277): extra block comment delimiter characters /* within block comment File: C:/Users/oars0/Documents/School/Design_and_synthesis/FinalProject/Test/KeypadTest.v Line: 277
Info (12021): Found 3 design units, including 3 entities, in source file keypadtest.v
    Info (12023): Found entity 1: KeypadTest File: C:/Users/oars0/Documents/School/Design_and_synthesis/FinalProject/Test/KeypadTest.v Line: 9
    Info (12023): Found entity 2: storeNum File: C:/Users/oars0/Documents/School/Design_and_synthesis/FinalProject/Test/KeypadTest.v Line: 53
    Info (12023): Found entity 3: seven_segment_decoder File: C:/Users/oars0/Documents/School/Design_and_synthesis/FinalProject/Test/KeypadTest.v Line: 94
Info (12021): Found 4 design units, including 4 entities, in source file motordriving.v
    Info (12023): Found entity 1: MotorDriving File: C:/Users/oars0/Documents/School/Design_and_synthesis/FinalProject/Test/MotorDriving.v Line: 1
    Info (12023): Found entity 2: pulseFSM File: C:/Users/oars0/Documents/School/Design_and_synthesis/FinalProject/Test/MotorDriving.v Line: 19
    Info (12023): Found entity 3: timer File: C:/Users/oars0/Documents/School/Design_and_synthesis/FinalProject/Test/MotorDriving.v Line: 67
    Info (12023): Found entity 4: button_debouncer File: C:/Users/oars0/Documents/School/Design_and_synthesis/FinalProject/Test/MotorDriving.v Line: 93
Info (12021): Found 1 design units, including 1 entities, in source file lfsr25000.v
    Info (12023): Found entity 1: LFSR25000 File: C:/Users/oars0/Documents/School/Design_and_synthesis/FinalProject/Test/LFSR25000.v Line: 14
Info (12021): Found 1 design units, including 1 entities, in source file keypadscanner.v
    Info (12023): Found entity 1: KeyPadScanner File: C:/Users/oars0/Documents/School/Design_and_synthesis/FinalProject/Test/KeyPadScanner.v Line: 14
Info (12021): Found 1 design units, including 1 entities, in source file keypadinterpreter.v
    Info (12023): Found entity 1: keyPadInterpreter File: C:/Users/oars0/Documents/School/Design_and_synthesis/FinalProject/Test/keyPadInterpreter.v Line: 14
Info (12021): Found 1 design units, including 1 entities, in source file keypaddecoder.v
    Info (12023): Found entity 1: KeyPadDecoder File: C:/Users/oars0/Documents/School/Design_and_synthesis/FinalProject/Test/KeyPadDecoder.v Line: 14
Info (12021): Found 1 design units, including 1 entities, in source file hexdecoder.v
    Info (12023): Found entity 1: hexdecoder File: C:/Users/oars0/Documents/School/Design_and_synthesis/FinalProject/Test/hexdecoder.v Line: 1
Info (12021): Found 1 design units, including 1 entities, in source file fourmspulse.v
    Info (12023): Found entity 1: fourmspulse File: C:/Users/oars0/Documents/School/Design_and_synthesis/FinalProject/Test/fourmspulse.v Line: 1
Info (12021): Found 1 design units, including 1 entities, in source file pulsecounter.v
    Info (12023): Found entity 1: PulseCounter File: C:/Users/oars0/Documents/School/Design_and_synthesis/FinalProject/Test/PulseCounter.v Line: 14
Info (12127): Elaborating entity "KeypadTest" for the top level hierarchy
Warning (10240): Verilog HDL Always Construct warning at KeypadTest.v(41): inferring latch(es) for variable "pass_fail", which holds its previous value in one or more paths through the always construct File: C:/Users/oars0/Documents/School/Design_and_synthesis/FinalProject/Test/KeypadTest.v Line: 41
Warning (10034): Output port "LEDR[8..4]" at KeypadTest.v(14) has no driver File: C:/Users/oars0/Documents/School/Design_and_synthesis/FinalProject/Test/KeypadTest.v Line: 14
Info (10041): Inferred latch for "pass_fail[0]" at KeypadTest.v(44) File: C:/Users/oars0/Documents/School/Design_and_synthesis/FinalProject/Test/KeypadTest.v Line: 44
Info (10041): Inferred latch for "pass_fail[1]" at KeypadTest.v(44) File: C:/Users/oars0/Documents/School/Design_and_synthesis/FinalProject/Test/KeypadTest.v Line: 44
Info (10041): Inferred latch for "pass_fail[2]" at KeypadTest.v(44) File: C:/Users/oars0/Documents/School/Design_and_synthesis/FinalProject/Test/KeypadTest.v Line: 44
Info (10041): Inferred latch for "pass_fail[3]" at KeypadTest.v(44) File: C:/Users/oars0/Documents/School/Design_and_synthesis/FinalProject/Test/KeypadTest.v Line: 44
Info (12128): Elaborating entity "MotorDriving" for hierarchy "MotorDriving:Motor1" File: C:/Users/oars0/Documents/School/Design_and_synthesis/FinalProject/Test/KeypadTest.v Line: 26
Info (12128): Elaborating entity "timer" for hierarchy "MotorDriving:Motor1|timer:SlowPulse" File: C:/Users/oars0/Documents/School/Design_and_synthesis/FinalProject/Test/MotorDriving.v Line: 14
Info (12128): Elaborating entity "pulseFSM" for hierarchy "MotorDriving:Motor1|pulseFSM:MotorPulsing" File: C:/Users/oars0/Documents/School/Design_and_synthesis/FinalProject/Test/MotorDriving.v Line: 15
Warning (10230): Verilog HDL assignment warning at MotorDriving.v(57): truncated value with size 32 to match size of target (26) File: C:/Users/oars0/Documents/School/Design_and_synthesis/FinalProject/Test/MotorDriving.v Line: 57
Info (12128): Elaborating entity "seven_segment_decoder" for hierarchy "seven_segment_decoder:decode0" File: C:/Users/oars0/Documents/School/Design_and_synthesis/FinalProject/Test/KeypadTest.v Line: 28
Info (12128): Elaborating entity "storeNum" for hierarchy "storeNum:s0" File: C:/Users/oars0/Documents/School/Design_and_synthesis/FinalProject/Test/KeypadTest.v Line: 29
Warning (12241): 3 hierarchies have connectivity warnings - see the Connectivity Checks report folder
Warning (13034): The following nodes have both tri-state and non-tri-state drivers
    Warning (13035): Inserted always-enabled tri-state buffer between "GPIO_[2]" and its non-tri-state driver. File: C:/Users/oars0/Documents/School/Design_and_synthesis/FinalProject/Test/KeypadTest.v Line: 12
Warning (13039): The following bidirectional pins have no drivers
    Warning (13040): bidirectional pin "Arduino_IO[0]" has no driver File: C:/Users/oars0/Documents/School/Design_and_synthesis/FinalProject/Test/KeypadTest.v Line: 11
    Warning (13040): bidirectional pin "Arduino_IO[1]" has no driver File: C:/Users/oars0/Documents/School/Design_and_synthesis/FinalProject/Test/KeypadTest.v Line: 11
    Warning (13040): bidirectional pin "Arduino_IO[2]" has no driver File: C:/Users/oars0/Documents/School/Design_and_synthesis/FinalProject/Test/KeypadTest.v Line: 11
    Warning (13040): bidirectional pin "Arduino_IO[3]" has no driver File: C:/Users/oars0/Documents/School/Design_and_synthesis/FinalProject/Test/KeypadTest.v Line: 11
    Warning (13040): bidirectional pin "Arduino_IO[4]" has no driver File: C:/Users/oars0/Documents/School/Design_and_synthesis/FinalProject/Test/KeypadTest.v Line: 11
    Warning (13040): bidirectional pin "Arduino_IO[5]" has no driver File: C:/Users/oars0/Documents/School/Design_and_synthesis/FinalProject/Test/KeypadTest.v Line: 11
    Warning (13040): bidirectional pin "Arduino_IO[6]" has no driver File: C:/Users/oars0/Documents/School/Design_and_synthesis/FinalProject/Test/KeypadTest.v Line: 11
    Warning (13040): bidirectional pin "Arduino_IO[7]" has no driver File: C:/Users/oars0/Documents/School/Design_and_synthesis/FinalProject/Test/KeypadTest.v Line: 11
    Warning (13040): bidirectional pin "GPIO_[4]" has no driver File: C:/Users/oars0/Documents/School/Design_and_synthesis/FinalProject/Test/KeypadTest.v Line: 12
    Warning (13040): bidirectional pin "GPIO_[5]" has no driver File: C:/Users/oars0/Documents/School/Design_and_synthesis/FinalProject/Test/KeypadTest.v Line: 12
    Warning (13040): bidirectional pin "GPIO_[6]" has no driver File: C:/Users/oars0/Documents/School/Design_and_synthesis/FinalProject/Test/KeypadTest.v Line: 12
    Warning (13040): bidirectional pin "GPIO_[7]" has no driver File: C:/Users/oars0/Documents/School/Design_and_synthesis/FinalProject/Test/KeypadTest.v Line: 12
    Warning (13040): bidirectional pin "GPIO_[8]" has no driver File: C:/Users/oars0/Documents/School/Design_and_synthesis/FinalProject/Test/KeypadTest.v Line: 12
    Warning (13040): bidirectional pin "GPIO_[9]" has no driver File: C:/Users/oars0/Documents/School/Design_and_synthesis/FinalProject/Test/KeypadTest.v Line: 12
    Warning (13040): bidirectional pin "GPIO_[10]" has no driver File: C:/Users/oars0/Documents/School/Design_and_synthesis/FinalProject/Test/KeypadTest.v Line: 12
    Warning (13040): bidirectional pin "GPIO_[11]" has no driver File: C:/Users/oars0/Documents/School/Design_and_synthesis/FinalProject/Test/KeypadTest.v Line: 12
    Warning (13040): bidirectional pin "GPIO_[12]" has no driver File: C:/Users/oars0/Documents/School/Design_and_synthesis/FinalProject/Test/KeypadTest.v Line: 12
    Warning (13040): bidirectional pin "GPIO_[13]" has no driver File: C:/Users/oars0/Documents/School/Design_and_synthesis/FinalProject/Test/KeypadTest.v Line: 12
    Warning (13040): bidirectional pin "GPIO_[14]" has no driver File: C:/Users/oars0/Documents/School/Design_and_synthesis/FinalProject/Test/KeypadTest.v Line: 12
    Warning (13040): bidirectional pin "GPIO_[15]" has no driver File: C:/Users/oars0/Documents/School/Design_and_synthesis/FinalProject/Test/KeypadTest.v Line: 12
    Warning (13040): bidirectional pin "GPIO_[16]" has no driver File: C:/Users/oars0/Documents/School/Design_and_synthesis/FinalProject/Test/KeypadTest.v Line: 12
    Warning (13040): bidirectional pin "GPIO_[17]" has no driver File: C:/Users/oars0/Documents/School/Design_and_synthesis/FinalProject/Test/KeypadTest.v Line: 12
    Warning (13040): bidirectional pin "GPIO_[18]" has no driver File: C:/Users/oars0/Documents/School/Design_and_synthesis/FinalProject/Test/KeypadTest.v Line: 12
    Warning (13040): bidirectional pin "GPIO_[19]" has no driver File: C:/Users/oars0/Documents/School/Design_and_synthesis/FinalProject/Test/KeypadTest.v Line: 12
    Warning (13040): bidirectional pin "GPIO_[20]" has no driver File: C:/Users/oars0/Documents/School/Design_and_synthesis/FinalProject/Test/KeypadTest.v Line: 12
    Warning (13040): bidirectional pin "GPIO_[21]" has no driver File: C:/Users/oars0/Documents/School/Design_and_synthesis/FinalProject/Test/KeypadTest.v Line: 12
    Warning (13040): bidirectional pin "GPIO_[22]" has no driver File: C:/Users/oars0/Documents/School/Design_and_synthesis/FinalProject/Test/KeypadTest.v Line: 12
    Warning (13040): bidirectional pin "GPIO_[23]" has no driver File: C:/Users/oars0/Documents/School/Design_and_synthesis/FinalProject/Test/KeypadTest.v Line: 12
    Warning (13040): bidirectional pin "GPIO_[24]" has no driver File: C:/Users/oars0/Documents/School/Design_and_synthesis/FinalProject/Test/KeypadTest.v Line: 12
    Warning (13040): bidirectional pin "GPIO_[25]" has no driver File: C:/Users/oars0/Documents/School/Design_and_synthesis/FinalProject/Test/KeypadTest.v Line: 12
    Warning (13040): bidirectional pin "GPIO_[26]" has no driver File: C:/Users/oars0/Documents/School/Design_and_synthesis/FinalProject/Test/KeypadTest.v Line: 12
    Warning (13040): bidirectional pin "GPIO_[27]" has no driver File: C:/Users/oars0/Documents/School/Design_and_synthesis/FinalProject/Test/KeypadTest.v Line: 12
    Warning (13040): bidirectional pin "GPIO_[28]" has no driver File: C:/Users/oars0/Documents/School/Design_and_synthesis/FinalProject/Test/KeypadTest.v Line: 12
    Warning (13040): bidirectional pin "GPIO_[29]" has no driver File: C:/Users/oars0/Documents/School/Design_and_synthesis/FinalProject/Test/KeypadTest.v Line: 12
    Warning (13040): bidirectional pin "GPIO_[30]" has no driver File: C:/Users/oars0/Documents/School/Design_and_synthesis/FinalProject/Test/KeypadTest.v Line: 12
    Warning (13040): bidirectional pin "GPIO_[31]" has no driver File: C:/Users/oars0/Documents/School/Design_and_synthesis/FinalProject/Test/KeypadTest.v Line: 12
    Warning (13040): bidirectional pin "GPIO_[32]" has no driver File: C:/Users/oars0/Documents/School/Design_and_synthesis/FinalProject/Test/KeypadTest.v Line: 12
    Warning (13040): bidirectional pin "GPIO_[33]" has no driver File: C:/Users/oars0/Documents/School/Design_and_synthesis/FinalProject/Test/KeypadTest.v Line: 12
    Warning (13040): bidirectional pin "GPIO_[34]" has no driver File: C:/Users/oars0/Documents/School/Design_and_synthesis/FinalProject/Test/KeypadTest.v Line: 12
    Warning (13040): bidirectional pin "GPIO_[35]" has no driver File: C:/Users/oars0/Documents/School/Design_and_synthesis/FinalProject/Test/KeypadTest.v Line: 12
Warning (13032): The following tri-state nodes are fed by constants
    Warning (13033): The pin "GPIO_[0]" is fed by GND File: C:/Users/oars0/Documents/School/Design_and_synthesis/FinalProject/Test/KeypadTest.v Line: 12
    Warning (13033): The pin "GPIO_[1]" is fed by GND File: C:/Users/oars0/Documents/School/Design_and_synthesis/FinalProject/Test/KeypadTest.v Line: 12
    Warning (13033): The pin "GPIO_[3]" is fed by VCC File: C:/Users/oars0/Documents/School/Design_and_synthesis/FinalProject/Test/KeypadTest.v Line: 12
Warning (13009): TRI or OPNDRN buffers permanently enabled
    Warning (13010): Node "GPIO_[2]~synth" File: C:/Users/oars0/Documents/School/Design_and_synthesis/FinalProject/Test/KeypadTest.v Line: 12
    Warning (13010): Node "GPIO_[3]~synth" File: C:/Users/oars0/Documents/School/Design_and_synthesis/FinalProject/Test/KeypadTest.v Line: 12
Warning (13024): Output pins are stuck at VCC or GND
    Warning (13410): Pin "LEDR[0]" is stuck at GND File: C:/Users/oars0/Documents/School/Design_and_synthesis/FinalProject/Test/KeypadTest.v Line: 14
    Warning (13410): Pin "LEDR[1]" is stuck at GND File: C:/Users/oars0/Documents/School/Design_and_synthesis/FinalProject/Test/KeypadTest.v Line: 14
    Warning (13410): Pin "LEDR[3]" is stuck at VCC File: C:/Users/oars0/Documents/School/Design_and_synthesis/FinalProject/Test/KeypadTest.v Line: 14
    Warning (13410): Pin "LEDR[4]" is stuck at GND File: C:/Users/oars0/Documents/School/Design_and_synthesis/FinalProject/Test/KeypadTest.v Line: 14
    Warning (13410): Pin "LEDR[5]" is stuck at GND File: C:/Users/oars0/Documents/School/Design_and_synthesis/FinalProject/Test/KeypadTest.v Line: 14
    Warning (13410): Pin "LEDR[6]" is stuck at GND File: C:/Users/oars0/Documents/School/Design_and_synthesis/FinalProject/Test/KeypadTest.v Line: 14
    Warning (13410): Pin "LEDR[7]" is stuck at GND File: C:/Users/oars0/Documents/School/Design_and_synthesis/FinalProject/Test/KeypadTest.v Line: 14
    Warning (13410): Pin "LEDR[8]" is stuck at GND File: C:/Users/oars0/Documents/School/Design_and_synthesis/FinalProject/Test/KeypadTest.v Line: 14
    Warning (13410): Pin "HEX1[6]" is stuck at VCC File: C:/Users/oars0/Documents/School/Design_and_synthesis/FinalProject/Test/KeypadTest.v Line: 15
    Warning (13410): Pin "HEX1[2]" is stuck at GND File: C:/Users/oars0/Documents/School/Design_and_synthesis/FinalProject/Test/KeypadTest.v Line: 15
    Warning (13410): Pin "HEX1[1]" is stuck at GND File: C:/Users/oars0/Documents/School/Design_and_synthesis/FinalProject/Test/KeypadTest.v Line: 15
Info (286030): Timing-Driven Synthesis is running
Info (17049): 4 registers lost all their fanouts during netlist optimizations.
Info (16010): Generating hard_block partition "hard_block:auto_generated_inst"
    Info (16011): Adding 0 node(s), including 0 DDIO, 0 PLL, 0 transceiver and 0 LCELL
Warning (21074): Design contains 7 input pin(s) that do not drive logic
    Warning (15610): No output dependent on input pin "SW[4]" File: C:/Users/oars0/Documents/School/Design_and_synthesis/FinalProject/Test/KeypadTest.v Line: 10
    Warning (15610): No output dependent on input pin "SW[5]" File: C:/Users/oars0/Documents/School/Design_and_synthesis/FinalProject/Test/KeypadTest.v Line: 10
    Warning (15610): No output dependent on input pin "SW[6]" File: C:/Users/oars0/Documents/School/Design_and_synthesis/FinalProject/Test/KeypadTest.v Line: 10
    Warning (15610): No output dependent on input pin "SW[7]" File: C:/Users/oars0/Documents/School/Design_and_synthesis/FinalProject/Test/KeypadTest.v Line: 10
    Warning (15610): No output dependent on input pin "SW[8]" File: C:/Users/oars0/Documents/School/Design_and_synthesis/FinalProject/Test/KeypadTest.v Line: 10
    Warning (15610): No output dependent on input pin "SW[9]" File: C:/Users/oars0/Documents/School/Design_and_synthesis/FinalProject/Test/KeypadTest.v Line: 10
    Warning (15610): No output dependent on input pin "KEY0" File: C:/Users/oars0/Documents/School/Design_and_synthesis/FinalProject/Test/KeypadTest.v Line: 13
Info (21057): Implemented 288 device resources after synthesis - the final resource count might be different
    Info (21058): Implemented 13 input pins
    Info (21059): Implemented 52 output pins
    Info (21060): Implemented 44 bidirectional pins
    Info (21061): Implemented 179 logic cells
Info: Quartus Prime Analysis & Synthesis was successful. 0 errors, 76 warnings
    Info: Peak virtual memory: 4794 megabytes
    Info: Processing ended: Fri Apr 28 10:03:00 2023
    Info: Elapsed time: 00:00:11
    Info: Total CPU time (on all processors): 00:00:13


